// Jest Snapshot v1, https://goo.gl/fbAQLP

exports[`GameMistakes renders correctly 1`] = `
<div
  class="game__mistakes"
/>
`;
